????
Device assigned successfully.
Selecting device.
????
Showing devices:
8589934592 (selected)
????
Device removed successfully.
????
Showing devices:
????
