????
Device assigned successfully.
Selecting device.
????
Entry was successfully added with handle 0.
????
Successfully retrieved 1 entrie(s).
==========
TABLE ENTRIES
**********
Dumping entry 0
Match key:
* ethernet.$valid$    : VALID     01
* h1.$valid$          : VALID     00
Action entry: noop - 
==========
Dumping default entry
EMPTY
==========
????
