????
Device assigned successfully.
Selecting device.
????
Member was successfully created with handle 0.
????
Entry was successfully added with handle 0.
????
Member was successfully created with handle 1.
????
Entry with handle 0 was successfully modified.
????
Default entry was successfully set.
????
Successfully retrieved 1 entrie(s).
==========
TABLE ENTRIES
**********
Dumping entry 0
Match key:
* ipv4.dstAddr        : LPM       0a000001/16
Indirect handle: 1
==========
Dumping default entry
Indirect handle: 0
==========
????
Entry with handle 0 was successfully removed.
????
